Using pre-set license
Built from '2021.3/staging' branch; Version is '2021.3.4f1 (cb45f9cae8b7) revision 13321721'; Using compiler version '192829333'; Build Type 'Release'
OS: 'Windows 11  (10.0.26100) 64bit Core' Language: 'en' Physical Memory: 32507 MB
BatchMode: 1, IsHumanControllingUs: 0, StartBugReporterOnCrash: 0, Is64bit: 1, IsPro: 1

COMMAND LINE ARGUMENTS:
C:\Program Files\Unity\Hub\Editor\2021.3.4f1\Editor\Unity.exe
-adb2
-batchMode
-noUpm
-name
AssetImportWorker0
-projectPath
D:/UnityProjects/Unity3D-Mario-Kart-Racing-Game/3D Mario Kart
-logFile
Logs/AssetImportWorker0.log
-srvPort
53789
Successfully changed project path to: D:/UnityProjects/Unity3D-Mario-Kart-Racing-Game/3D Mario Kart
D:/UnityProjects/Unity3D-Mario-Kart-Racing-Game/3D Mario Kart
[UnityMemory] Configuration Parameters - Can be set up in boot.config
    "memorysetup-bucket-allocator-granularity=16"
    "memorysetup-bucket-allocator-bucket-count=8"
    "memorysetup-bucket-allocator-block-size=33554432"
    "memorysetup-bucket-allocator-block-count=8"
    "memorysetup-main-allocator-block-size=16777216"
    "memorysetup-thread-allocator-block-size=16777216"
    "memorysetup-gfx-main-allocator-block-size=16777216"
    "memorysetup-gfx-thread-allocator-block-size=16777216"
    "memorysetup-cache-allocator-block-size=4194304"
    "memorysetup-typetree-allocator-block-size=2097152"
    "memorysetup-profiler-bucket-allocator-granularity=16"
    "memorysetup-profiler-bucket-allocator-bucket-count=8"
    "memorysetup-profiler-bucket-allocator-block-size=33554432"
    "memorysetup-profiler-bucket-allocator-block-count=8"
    "memorysetup-profiler-allocator-block-size=16777216"
    "memorysetup-profiler-editor-allocator-block-size=1048576"
    "memorysetup-temp-allocator-size-main=16777216"
    "memorysetup-job-temp-allocator-block-size=2097152"
    "memorysetup-job-temp-allocator-block-size-background=1048576"
    "memorysetup-job-temp-allocator-reduction-small-platforms=262144"
    "memorysetup-temp-allocator-size-background-worker=32768"
    "memorysetup-temp-allocator-size-job-worker=262144"
    "memorysetup-temp-allocator-size-preload-manager=33554432"
    "memorysetup-temp-allocator-size-nav-mesh-worker=65536"
    "memorysetup-temp-allocator-size-audio-worker=65536"
    "memorysetup-temp-allocator-size-cloud-worker=32768"
    "memorysetup-temp-allocator-size-gi-baking-worker=262144"
    "memorysetup-temp-allocator-size-gfx=262144"
Refreshing native plugins compatible for Editor in 80.78 ms, found 2 plugins.
Preloading 0 native plugins for Editor in 0.00 ms.
Initialize engine version: 2021.3.4f1 (cb45f9cae8b7)
[Subsystems] Discovering subsystems at path C:/Program Files/Unity/Hub/Editor/2021.3.4f1/Editor/Data/Resources/UnitySubsystems
[Subsystems] Discovering subsystems at path D:/UnityProjects/Unity3D-Mario-Kart-Racing-Game/3D Mario Kart/Assets
GfxDevice: creating device client; threaded=0; jobified=0
Direct3D:
    Version:  Direct3D 11.0 [level 11.1]
    Renderer: NVIDIA GeForce RTX 4060 Laptop GPU (ID=0x28e0)
    Vendor:   NVIDIA
    VRAM:     7957 MB
    Driver:   32.0.15.7261
Initialize mono
Mono path[0] = 'C:/Program Files/Unity/Hub/Editor/2021.3.4f1/Editor/Data/Managed'
Mono path[1] = 'C:/Program Files/Unity/Hub/Editor/2021.3.4f1/Editor/Data/MonoBleedingEdge/lib/mono/unityjit-win32'
Mono config path = 'C:/Program Files/Unity/Hub/Editor/2021.3.4f1/Editor/Data/MonoBleedingEdge/etc'
Using monoOptions --debugger-agent=transport=dt_socket,embedding=1,server=y,suspend=n,address=127.0.0.1:56756
Begin MonoManager ReloadAssembly
Registering precompiled unity dll's ...
Register platform support module: C:/Program Files/Unity/Hub/Editor/2021.3.4f1/Editor/Data/PlaybackEngines/AndroidPlayer/UnityEditor.Android.Extensions.dll
Register platform support module: C:/Program Files/Unity/Hub/Editor/2021.3.4f1/Editor/Data/PlaybackEngines/WindowsStandaloneSupport/UnityEditor.WindowsStandalone.Extensions.dll
Registered in 0.003178 seconds.
Native extension for WindowsStandalone target not found
Native extension for Android target not found
Refreshing native plugins compatible for Editor in 62.09 ms, found 2 plugins.
Preloading 0 native plugins for Editor in 0.00 ms.
Mono: successfully reloaded assembly
- Completed reload, in  0.412 seconds
Domain Reload Profiling:
	ReloadAssembly (412ms)
		BeginReloadAssembly (48ms)
			ExecutionOrderSort (0ms)
			DisableScriptedObjects (0ms)
			BackupInstance (0ms)
			ReleaseScriptingObjects (0ms)
			CreateAndSetChildDomain (0ms)
		EndReloadAssembly (296ms)
			LoadAssemblies (47ms)
			RebuildTransferFunctionScriptingTraits (0ms)
			SetupTypeCache (63ms)
			ReleaseScriptCaches (0ms)
			RebuildScriptCaches (16ms)
			SetupLoadedEditorAssemblies (186ms)
				LogAssemblyErrors (0ms)
				InitializePlatformSupportModulesInManaged (39ms)
				SetLoadedEditorAssemblies (0ms)
				RefreshPlugins (62ms)
				BeforeProcessingInitializeOnLoad (1ms)
				ProcessInitializeOnLoadAttributes (56ms)
				ProcessInitializeOnLoadMethodAttributes (27ms)
				AfterProcessingInitializeOnLoad (0ms)
				EditorAssembliesLoaded (0ms)
			ExecutionOrderSort2 (0ms)
			AwakeInstancesAfterBackupRestoration (0ms)
Platform modules already initialized, skipping
Registering precompiled user dll's ...
Registered in 0.002180 seconds.
Begin MonoManager ReloadAssembly
Native extension for WindowsStandalone target not found
Native extension for Android target not found
Refreshing native plugins compatible for Editor in 64.80 ms, found 2 plugins.
Preloading 0 native plugins for Editor in 0.00 ms.
Package Manager log level set to [2]
Mono: successfully reloaded assembly
- Completed reload, in  0.968 seconds
Domain Reload Profiling:
	ReloadAssembly (969ms)
		BeginReloadAssembly (200ms)
			ExecutionOrderSort (0ms)
			DisableScriptedObjects (5ms)
			BackupInstance (0ms)
			ReleaseScriptingObjects (0ms)
			CreateAndSetChildDomain (135ms)
		EndReloadAssembly (698ms)
			LoadAssemblies (60ms)
			RebuildTransferFunctionScriptingTraits (0ms)
			SetupTypeCache (162ms)
			ReleaseScriptCaches (0ms)
			RebuildScriptCaches (48ms)
			SetupLoadedEditorAssemblies (403ms)
				LogAssemblyErrors (0ms)
				InitializePlatformSupportModulesInManaged (7ms)
				SetLoadedEditorAssemblies (0ms)
				RefreshPlugins (65ms)
				BeforeProcessingInitializeOnLoad (57ms)
				ProcessInitializeOnLoadAttributes (162ms)
				ProcessInitializeOnLoadMethodAttributes (108ms)
				AfterProcessingInitializeOnLoad (4ms)
				EditorAssembliesLoaded (0ms)
			ExecutionOrderSort2 (0ms)
			AwakeInstancesAfterBackupRestoration (4ms)
Platform modules already initialized, skipping
========================================================================
Worker process is ready to serve import requests
Launched and connected shader compiler UnityShaderCompiler.exe after 0.04 seconds
Refreshing native plugins compatible for Editor in 1.81 ms, found 2 plugins.
Preloading 0 native plugins for Editor in 0.00 ms.
Unloading 4950 Unused Serialized files (Serialized files now loaded: 0)
Unloading 83 unused Assets / (3.0 MB). Loaded Objects now: 5370.
Memory consumption went from 227.3 MB to 224.3 MB.
Total: 9.578600 ms (FindLiveObjects: 0.352600 ms CreateObjectMapping: 0.303800 ms MarkObjects: 7.731600 ms  DeleteObjects: 1.189100 ms)

AssetImportParameters requested are different than current active one (requested -> active):
  custom:video-decoder-ogg-theora: a1e56fd34408186e4bbccfd4996cb3dc -> 
  custom:container-muxer-webm: aa71ff27fc2769a1b78a27578f13a17b -> 
  custom:container-demuxer-webm: 4f35f7cbe854078d1ac9338744f61a02 -> 
  custom:video-encoder-webm-vp8: eb34c28f22e8b96e1ab97ce403110664 -> 
  custom:video-codec-MediaFoundation-h265: 746d11721c4dcdbdad8f713fa42b33f4 -> 
  custom:audio-encoder-webm-vorbis: bf7c407c2cedff20999df2af8eb42d56 -> 
  custom:framework-win-MediaFoundation: 216162199b28c13a410421893ffa2e32 -> 
  custom:container-demuxer-ogg: 62fdf1f143b41e24485cea50d1cbac27 -> 
  custom:video-decoder-webm-vp8: 9c59270c3fd7afecdb556c50c9e8de78 -> 
  custom:audio-decoder-ogg-vorbis: bf7c407c2cedff20999df2af8eb42d56 -> 
========================================================================
Received Import Request.
  Time since last request: 605904.780495 seconds.
  path: Assets/ForwardRenderer.asset
  artifactKey: Guid(77433ca9c24caff46be399dc7b0c2e73) Importer(815301076,1909f56bfc062723c751e8b465ee728b)
Start importing Assets/ForwardRenderer.asset using Guid(77433ca9c24caff46be399dc7b0c2e73) Importer(815301076,1909f56bfc062723c751e8b465ee728b)  -> (artifact id: '79cf340aaa4b836df46624e1646bfbbc') in 0.063996 seconds 
========================================================================
Received Import Request.
  Time since last request: 1477.231478 seconds.
  path: Assets/Scenes/New Material.mat
  artifactKey: Guid(53145676028f1d4419383bc4f96dd80f) Importer(815301076,1909f56bfc062723c751e8b465ee728b)
Start importing Assets/Scenes/New Material.mat using Guid(53145676028f1d4419383bc4f96dd80f) Importer(815301076,1909f56bfc062723c751e8b465ee728b)  -> (artifact id: '5018a5bd779e75a280f120089de3623a') in 0.958923 seconds 
========================================================================
Received Import Request.
  Time since last request: 0.949003 seconds.
  path: Assets/Scenes/WhiteScreen.unity
  artifactKey: Guid(2cec29abe38711a4c815b155405e921b) Importer(815301076,1909f56bfc062723c751e8b465ee728b)
Start importing Assets/Scenes/WhiteScreen.unity using Guid(2cec29abe38711a4c815b155405e921b) Importer(815301076,1909f56bfc062723c751e8b465ee728b)  -> (artifact id: 'd4646b592bfe9bd18afd138ec5f6d4f6') in 0.016023 seconds 
========================================================================
Received Prepare
Registering precompiled user dll's ...
Registered in 0.002637 seconds.
Begin MonoManager ReloadAssembly
Native extension for WindowsStandalone target not found
Native extension for Android target not found
Refreshing native plugins compatible for Editor in 1.11 ms, found 2 plugins.
Preloading 0 native plugins for Editor in 0.00 ms.
UniversalRenderPipelineAsset_Renderer is missing RendererFeatures
This could be due to missing scripts or compile error.
UnityEngine.StackTraceUtility:ExtractStackTrace ()
UnityEngine.DebugLogHandler:LogFormat (UnityEngine.LogType,UnityEngine.Object,string,object[])
UnityEngine.Logger:Log (UnityEngine.LogType,object,UnityEngine.Object)
UnityEngine.Debug:LogError (object,UnityEngine.Object)
UnityEngine.Rendering.Universal.ScriptableRendererData:ValidateRendererFeatures () (at Library/PackageCache/com.unity.render-pipelines.universal@12.1.7/Runtime/ScriptableRendererData.cs:181)
UnityEngine.Rendering.Universal.ScriptableRendererData:OnValidate () (at Library/PackageCache/com.unity.render-pipelines.universal@12.1.7/Runtime/ScriptableRendererData.cs:76)
UnityEngine.Rendering.Universal.UniversalRendererData:OnValidate () (at Library/PackageCache/com.unity.render-pipelines.universal@12.1.7/Runtime/UniversalRendererData.cs:242)

(Filename: Library/PackageCache/com.unity.render-pipelines.universal@12.1.7/Runtime/ScriptableRendererData.cs Line: 181)

Mono: successfully reloaded assembly
- Completed reload, in  0.836 seconds
Domain Reload Profiling:
	ReloadAssembly (837ms)
		BeginReloadAssembly (92ms)
			ExecutionOrderSort (0ms)
			DisableScriptedObjects (5ms)
			BackupInstance (0ms)
			ReleaseScriptingObjects (0ms)
			CreateAndSetChildDomain (29ms)
		EndReloadAssembly (678ms)
			LoadAssemblies (56ms)
			RebuildTransferFunctionScriptingTraits (0ms)
			SetupTypeCache (155ms)
			ReleaseScriptCaches (2ms)
			RebuildScriptCaches (40ms)
			SetupLoadedEditorAssemblies (365ms)
				LogAssemblyErrors (0ms)
				InitializePlatformSupportModulesInManaged (14ms)
				SetLoadedEditorAssemblies (0ms)
				RefreshPlugins (1ms)
				BeforeProcessingInitializeOnLoad (49ms)
				ProcessInitializeOnLoadAttributes (180ms)
				ProcessInitializeOnLoadMethodAttributes (116ms)
				AfterProcessingInitializeOnLoad (4ms)
				EditorAssembliesLoaded (0ms)
			ExecutionOrderSort2 (0ms)
			AwakeInstancesAfterBackupRestoration (14ms)
Platform modules already initialized, skipping
Refreshing native plugins compatible for Editor in 5.45 ms, found 2 plugins.
Preloading 0 native plugins for Editor in 0.00 ms.
Unloading 4773 Unused Serialized files (Serialized files now loaded: 0)
Unloading 72 unused Assets / (3.0 MB). Loaded Objects now: 5465.
Memory consumption went from 225.1 MB to 222.1 MB.
Total: 8.983900 ms (FindLiveObjects: 0.355500 ms CreateObjectMapping: 0.183000 ms MarkObjects: 7.551500 ms  DeleteObjects: 0.892200 ms)

AssetImportParameters requested are different than current active one (requested -> active):
  custom:video-decoder-ogg-theora: a1e56fd34408186e4bbccfd4996cb3dc -> 
  custom:container-muxer-webm: aa71ff27fc2769a1b78a27578f13a17b -> 
  custom:container-demuxer-webm: 4f35f7cbe854078d1ac9338744f61a02 -> 
  custom:video-encoder-webm-vp8: eb34c28f22e8b96e1ab97ce403110664 -> 
  custom:video-codec-MediaFoundation-h265: 746d11721c4dcdbdad8f713fa42b33f4 -> 
  custom:audio-encoder-webm-vorbis: bf7c407c2cedff20999df2af8eb42d56 -> 
  custom:framework-win-MediaFoundation: 216162199b28c13a410421893ffa2e32 -> 
  custom:container-demuxer-ogg: 62fdf1f143b41e24485cea50d1cbac27 -> 
  custom:video-decoder-webm-vp8: 9c59270c3fd7afecdb556c50c9e8de78 -> 
  custom:audio-decoder-ogg-vorbis: bf7c407c2cedff20999df2af8eb42d56 -> 
========================================================================
Received Prepare
Registering precompiled user dll's ...
Registered in 0.002474 seconds.
Begin MonoManager ReloadAssembly
Native extension for WindowsStandalone target not found
Native extension for Android target not found
Refreshing native plugins compatible for Editor in 1.03 ms, found 2 plugins.
Preloading 0 native plugins for Editor in 0.00 ms.
UniversalRenderPipelineAsset_Renderer is missing RendererFeatures
This could be due to missing scripts or compile error.
UnityEngine.StackTraceUtility:ExtractStackTrace ()
UnityEngine.DebugLogHandler:LogFormat (UnityEngine.LogType,UnityEngine.Object,string,object[])
UnityEngine.Logger:Log (UnityEngine.LogType,object,UnityEngine.Object)
UnityEngine.Debug:LogError (object,UnityEngine.Object)
UnityEngine.Rendering.Universal.ScriptableRendererData:ValidateRendererFeatures () (at Library/PackageCache/com.unity.render-pipelines.universal@12.1.7/Runtime/ScriptableRendererData.cs:181)
UnityEngine.Rendering.Universal.ScriptableRendererData:OnValidate () (at Library/PackageCache/com.unity.render-pipelines.universal@12.1.7/Runtime/ScriptableRendererData.cs:76)
UnityEngine.Rendering.Universal.UniversalRendererData:OnValidate () (at Library/PackageCache/com.unity.render-pipelines.universal@12.1.7/Runtime/UniversalRendererData.cs:242)

(Filename: Library/PackageCache/com.unity.render-pipelines.universal@12.1.7/Runtime/ScriptableRendererData.cs Line: 181)

Mono: successfully reloaded assembly
- Completed reload, in  0.802 seconds
Domain Reload Profiling:
	ReloadAssembly (803ms)
		BeginReloadAssembly (87ms)
			ExecutionOrderSort (0ms)
			DisableScriptedObjects (4ms)
			BackupInstance (0ms)
			ReleaseScriptingObjects (0ms)
			CreateAndSetChildDomain (29ms)
		EndReloadAssembly (654ms)
			LoadAssemblies (48ms)
			RebuildTransferFunctionScriptingTraits (0ms)
			SetupTypeCache (154ms)
			ReleaseScriptCaches (2ms)
			RebuildScriptCaches (41ms)
			SetupLoadedEditorAssemblies (355ms)
				LogAssemblyErrors (0ms)
				InitializePlatformSupportModulesInManaged (13ms)
				SetLoadedEditorAssemblies (0ms)
				RefreshPlugins (1ms)
				BeforeProcessingInitializeOnLoad (48ms)
				ProcessInitializeOnLoadAttributes (194ms)
				ProcessInitializeOnLoadMethodAttributes (95ms)
				AfterProcessingInitializeOnLoad (4ms)
				EditorAssembliesLoaded (0ms)
			ExecutionOrderSort2 (0ms)
			AwakeInstancesAfterBackupRestoration (12ms)
Platform modules already initialized, skipping
Refreshing native plugins compatible for Editor in 7.49 ms, found 2 plugins.
Preloading 0 native plugins for Editor in 0.00 ms.
Unloading 4774 Unused Serialized files (Serialized files now loaded: 0)
Unloading 72 unused Assets / (3.0 MB). Loaded Objects now: 5468.
Memory consumption went from 225.2 MB to 222.2 MB.
Total: 11.074200 ms (FindLiveObjects: 0.469100 ms CreateObjectMapping: 0.248500 ms MarkObjects: 8.462300 ms  DeleteObjects: 1.892300 ms)

AssetImportParameters requested are different than current active one (requested -> active):
  custom:video-decoder-ogg-theora: a1e56fd34408186e4bbccfd4996cb3dc -> 
  custom:container-muxer-webm: aa71ff27fc2769a1b78a27578f13a17b -> 
  custom:container-demuxer-webm: 4f35f7cbe854078d1ac9338744f61a02 -> 
  custom:video-encoder-webm-vp8: eb34c28f22e8b96e1ab97ce403110664 -> 
  custom:video-codec-MediaFoundation-h265: 746d11721c4dcdbdad8f713fa42b33f4 -> 
  custom:audio-encoder-webm-vorbis: bf7c407c2cedff20999df2af8eb42d56 -> 
  custom:framework-win-MediaFoundation: 216162199b28c13a410421893ffa2e32 -> 
  custom:container-demuxer-ogg: 62fdf1f143b41e24485cea50d1cbac27 -> 
  custom:video-decoder-webm-vp8: 9c59270c3fd7afecdb556c50c9e8de78 -> 
  custom:audio-decoder-ogg-vorbis: bf7c407c2cedff20999df2af8eb42d56 -> 
========================================================================
Received Import Request.
  Time since last request: 413.510088 seconds.
  path: Assets/Scenes/Toad Harbor.unity
  artifactKey: Guid(c9bf0d37077c6d24d98cab30efe33658) Importer(815301076,1909f56bfc062723c751e8b465ee728b)
Start importing Assets/Scenes/Toad Harbor.unity using Guid(c9bf0d37077c6d24d98cab30efe33658) Importer(815301076,1909f56bfc062723c751e8b465ee728b)  -> (artifact id: '69a86aea1192743783fe3606bb2180f8') in 0.021792 seconds 
========================================================================
Received Import Request.
  Time since last request: 9.517727 seconds.
  path: Assets/Scenes/Mario Circuit.unity
  artifactKey: Guid(6f361168f4943354fb25857ab0f70afd) Importer(815301076,1909f56bfc062723c751e8b465ee728b)
Start importing Assets/Scenes/Mario Circuit.unity using Guid(6f361168f4943354fb25857ab0f70afd) Importer(815301076,1909f56bfc062723c751e8b465ee728b)  -> (artifact id: 'b42c6fe8a03bb76628f9e28cb0157658') in 0.022362 seconds 
========================================================================
Received Import Request.
  Time since last request: 6.225160 seconds.
  path: Assets/Scenes/Rainbow Road.unity
  artifactKey: Guid(617e37435e29cf34e90b2d4b026835dd) Importer(815301076,1909f56bfc062723c751e8b465ee728b)
Start importing Assets/Scenes/Rainbow Road.unity using Guid(617e37435e29cf34e90b2d4b026835dd) Importer(815301076,1909f56bfc062723c751e8b465ee728b)  -> (artifact id: 'b5207577765b96e293a411869afeaf55') in 0.019199 seconds 
========================================================================
Received Import Request.
  Time since last request: 12.740304 seconds.
  path: Assets/Scenes/MooMooMeadows.unity
  artifactKey: Guid(ca649371757997541b74e958de65d097) Importer(815301076,1909f56bfc062723c751e8b465ee728b)
Start importing Assets/Scenes/MooMooMeadows.unity using Guid(ca649371757997541b74e958de65d097) Importer(815301076,1909f56bfc062723c751e8b465ee728b)  -> (artifact id: '5c5708f9e7f7dfe54ffd1d6728a20f1e') in 0.027831 seconds 
========================================================================
Received Import Request.
  Time since last request: 80.734630 seconds.
  path: Assets/Scenes/Test.unity
  artifactKey: Guid(d1e913a4593ac32428c5b01baf0c5184) Importer(815301076,1909f56bfc062723c751e8b465ee728b)
Start importing Assets/Scenes/Test.unity using Guid(d1e913a4593ac32428c5b01baf0c5184) Importer(815301076,1909f56bfc062723c751e8b465ee728b)  -> (artifact id: '60cfd330d3b2baf25002fa5de0460ef8') in 0.029063 seconds 
========================================================================
Received Import Request.
  Time since last request: 73.461299 seconds.
  path: Assets/Models/Characters/Mario.blend
  artifactKey: Guid(17afba12d7828c64eb368b81e67d1348) Importer(815301076,1909f56bfc062723c751e8b465ee728b)
Start importing Assets/Models/Characters/Mario.blend using Guid(17afba12d7828c64eb368b81e67d1348) Importer(815301076,1909f56bfc062723c751e8b465ee728b)  -> (artifact id: '4f7c4721c189fecf396137d4e857bcc0') in 0.526427 seconds 
========================================================================
Received Import Request.
  Time since last request: 0.974336 seconds.
  path: Assets/Models/Characters/Baby Mario.blend
  artifactKey: Guid(aa3f9831108865d4dbe139780b60f9d1) Importer(815301076,1909f56bfc062723c751e8b465ee728b)
Start importing Assets/Models/Characters/Baby Mario.blend using Guid(aa3f9831108865d4dbe139780b60f9d1) Importer(815301076,1909f56bfc062723c751e8b465ee728b)  -> (artifact id: '90a16d485f60b861d9762e271bda01b5') in 0.085740 seconds 
========================================================================
Received Import Request.
  Time since last request: 0.000056 seconds.
  path: Assets/Models/Characters/Luigi.blend
  artifactKey: Guid(04932b25df6ada544afdc78d17f33cba) Importer(815301076,1909f56bfc062723c751e8b465ee728b)
Start importing Assets/Models/Characters/Luigi.blend using Guid(04932b25df6ada544afdc78d17f33cba) Importer(815301076,1909f56bfc062723c751e8b465ee728b)  -> (artifact id: '432338a8331dd858badcb14948d2dce5') in 0.097088 seconds 
========================================================================
Received Import Request.
  Time since last request: 14.043593 seconds.
  path: Assets/Models/Kart/ArmK_StdG.dae
  artifactKey: Guid(3b404fb300a3c3646b60937af2a6b950) Importer(815301076,1909f56bfc062723c751e8b465ee728b)
Start importing Assets/Models/Kart/ArmK_StdG.dae using Guid(3b404fb300a3c3646b60937af2a6b950) Importer(815301076,1909f56bfc062723c751e8b465ee728b)  -> (artifact id: 'f1d560ebf7b814b1e9b4a174d90b749b') in 0.097435 seconds 
========================================================================
Received Import Request.
  Time since last request: 0.000022 seconds.
  path: Assets/Models/Kart/TireArm.blend
  artifactKey: Guid(bfdca3e508b16ca4e854e4aec52e76cd) Importer(815301076,1909f56bfc062723c751e8b465ee728b)
Start importing Assets/Models/Kart/TireArm.blend using Guid(bfdca3e508b16ca4e854e4aec52e76cd) Importer(815301076,1909f56bfc062723c751e8b465ee728b)  -> (artifact id: '898d755613df52bad6a7fca02eb44215') in 0.092974 seconds 
========================================================================
Received Import Request.
  Time since last request: 0.000029 seconds.
  path: Assets/Models/Kart/TireArm.mat
  artifactKey: Guid(74c408be42ef79741aabdd01103037fc) Importer(815301076,1909f56bfc062723c751e8b465ee728b)
Start importing Assets/Models/Kart/TireArm.mat using Guid(74c408be42ef79741aabdd01103037fc) Importer(815301076,1909f56bfc062723c751e8b465ee728b)  -> (artifact id: 'de8afaf7d24a46445b6bfea83e65cc9b') in 0.789384 seconds 
========================================================================
Received Import Request.
  Time since last request: 0.000043 seconds.
  path: Assets/Models/Kart/Standard Kart.obj
  artifactKey: Guid(53eed7acf31f6c34390f007548f8bfe0) Importer(815301076,1909f56bfc062723c751e8b465ee728b)
Start importing Assets/Models/Kart/Standard Kart.obj using Guid(53eed7acf31f6c34390f007548f8bfe0) Importer(815301076,1909f56bfc062723c751e8b465ee728b)  -> (artifact id: 'eb6065a7a8af2268c621bc4d55bc9b02') in 0.052360 seconds 
========================================================================
Received Import Request.
  Time since last request: 0.000025 seconds.
  path: Assets/Models/Kart/StandardKart.fbx
  artifactKey: Guid(e07dd4828b943c6448e06eac8af7751a) Importer(815301076,1909f56bfc062723c751e8b465ee728b)
Start importing Assets/Models/Kart/StandardKart.fbx using Guid(e07dd4828b943c6448e06eac8af7751a) Importer(815301076,1909f56bfc062723c751e8b465ee728b)  -> (artifact id: 'f6696402eee962a147b67dde7412af9b') in 0.071757 seconds 
========================================================================
Received Import Request.
  Time since last request: 9.234138 seconds.
  path: Assets/Models/Characters/Shyguy.blend
  artifactKey: Guid(409f2c223de777d4987d60c9f3a78a18) Importer(815301076,1909f56bfc062723c751e8b465ee728b)
Start importing Assets/Models/Characters/Shyguy.blend using Guid(409f2c223de777d4987d60c9f3a78a18) Importer(815301076,1909f56bfc062723c751e8b465ee728b)  -> (artifact id: 'deb582fe738c88252c6f769389ed8137') in 0.136518 seconds 
Editor requested this worker to shutdown with reason: Scaling down because of idle timeout
AssetImportWorker is now disconnected from the server
Process exiting
Exiting without the bug reporter. Application will terminate with return code 0